[www.scaler.com/school-of-technology/index.html]
[backblue.gif]
[fade.gif]
[index.html]
[assets-v2.scaler.com/packs/js/vendors_frontend/acad_3115b6b0.44b638.chunk.js]
[assets-v2.scaler.com/packs/js/vendors_frontend/chat_99bf75b7.317c62.chunk.js]
[assets-v2.scaler.com/packs/js/vendors_frontend/acad_d81ad509.fd028e.chunk.js]
[assets-v2.scaler.com/packs/js/frontend/chatbot_fron_a5228c32.82baf3.chunk.js]
[assets-v2.scaler.com/packs/js/frontend/academy_admi_63dab0ce.025df3.chunk.js]
[assets-v2.scaler.com/packs/js/frontend/chatbot_fron_96cee637.54ba71.chunk.js]
[assets-v2.scaler.com/packs/js/frontend/chatbot.f1f304.js]
[assets-v2.scaler.com/packs/css/frontend/base.906e3d.css]
[assets-v2.scaler.com/packs/css/frontend/styles.d56636.css]
[assets-v2.scaler.com/packs/css/vendors_frontend/acad_d81ad509.c652af.css]
[assets-v2.scaler.com/packs/css/frontend/chatbot_fron_96cee637.69689a.css]
[assets-v2.scaler.com/packs/js/vendors_frontend/tracking/gtm.3c8b40.chunk.js]
[assets-v2.scaler.com/packs/js/frontend/tracking/gtm.5051f4.js]
[assets-v2.scaler.com/packs/js/frontend/tracking/navigation.1263f5.js]
[unpkg.com/@dotlottie/player-component@1.0.0/dist/dotlottie-player.js]
[www.scaler.com/school-of-technology/admission]
[www.scaler.com/school-of-technology/admission/index.html]
[www.scaler.com/school-of-technology/events.html]
[www.scaler.com/school-of-technology/campus-life/index.html]
[www.scaler.com/school-of-technology/faq]
[assets-v2.scaler.com/packs/js/frontend/scaler_landing/resend_otp_modal.c2e326.js]
[www.scaler.com/school-of-technology/faq/index.html]
[assets-v2.scaler.com/packs/js/vendors_frontend/acad_cefd32ed.1ed515.chunk.js]
[assets-v2.scaler.com/packs/js/vendors_frontend/acad_02ffa7d5.349e5e.chunk.js]
[assets-v2.scaler.com/packs/js/vendors_frontend/acad_0f9c819e.60871c.chunk.js]
[assets-v2.scaler.com/packs/js/vendors_frontend/base.9c5184.chunk.js]
[assets-v2.scaler.com/packs/js/frontend/academy_admi_2db9c899.35a4a5.chunk.js]
[assets-v2.scaler.com/packs/js/frontend/academy_land_304652ed.901dc6.chunk.js]
[assets-v2.scaler.com/packs/js/frontend/base.163d3b.js]
[assets-v2.scaler.com/packs/js/vendors_frontend/acad_43d0cc1e.bd147a.chunk.js]
[assets-v2.scaler.com/packs/js/vendors_frontend/prog_d1adc7c4.400b85.chunk.js]
[assets-v2.scaler.com/packs/js/frontend/programs_lan_903d58f7.7c3bed.chunk.js]
[www.scaler.com/school-of-technology/index.html]
[assets-v2.scaler.com/packs/css/frontend/base.906e3d.css]
[assets-v2.scaler.com/packs/css/frontend/styles.d56636.css]
[assets-v2.scaler.com/packs/css/vendors_frontend/acad_d81ad509.c652af.css]
[assets-v2.scaler.com/packs/css/frontend/chatbot_fron_96cee637.69689a.css]
[www.googletagmanager.com/gtm5445.html]
[assets-v2.scaler.com/packs/js/frontend/programs_landing/undergrad.a12cd0.js]
[www.scaler.com/school-of-technology/admission/index.html]
[assets-v2.scaler.com/packs/js/frontend/programs_landing/undergrad_admission.50c720.js]
[www.scaler.com/school-of-technology/campus-life/index.html]
[assets-v2.scaler.com/packs/js/frontend/programs_landing/campus_life.0761f4.js]
[assets-v2.scaler.com/packs/js/frontend/tracking/attribution.b38910.js]
[assets-v2.scaler.com/packs/js/frontend/scaler_landing/common.697ed0.js]
[assets-v2.scaler.com/packs/js/frontend/scaler_landing/auth.d2345d.js]
[www.scaler.com/school-of-technology/events.html]
[assets-v2.scaler.com/packs/js/frontend/scaler_landing/events.1a4b95.js]
[www.scaler.com/school-of-technology/faq/index.html]
[assets-v2.scaler.com/packs/js/frontend/programs_landing/about_sst.3248a3.js]
[www.scaler.com/school-of-technology/faq/school-of-technology/admission/index.html]
